[6a6b6958e14b7.site123.me/index.html]
[backblue.gif]
[fade.gif]
[index.html]
[cdn-cms-s-8-4.f-static.net/versions/2/system_mini/css/minimize_appBuilder_v3262a.css]
[cdn-cms-s-8-4.f-static.net/manager/ai_app_builder/v3/assets/minimize_css/index7f4a.css]
[cdnjs.cloudflare.com/ajax/libs/font-awesome/6.7.2/css/all.min.css]
[cdn-cms-s-8-4.f-static.net/manager/ai_app_builder/v3/assets/css/theme7f4a.css]
[cdn-cms-s-8-4.f-static.net/manager/ai_app_builder/v3/assets/css/main7f4a.css]
[cdn-cms-s-8-4.f-static.net/manager/ai_app_builder/v3/assets/css/components7f4a.css]
[cdn-cms-s-8-4.f-static.net/manager/ai_app_builder/v3/assets/css/layout7f4a.css]
[6a6b6958e14b7.site123.me/index-2.html]
[6a6b6958e14b7.site123.me/cruzadas.html]
[6a6b6958e14b7.site123.me/libros.html]
[6a6b6958e14b7.site123.me/bautizos.html]
[files.cdn-files-a.com/uploads/12291293/800_6a6babfc90a27af3c.png]
[files.cdn-files-a.com/uploads/12291293/800_6a6d2ee94f015af3c.png]
[files.cdn-files-a.com/uploads/12291293/800_6a6c3d30acb16af3c.png]
[files.cdn-files-a.com/uploads/12291293/800_gi-6a6b75ac775dbaf3c.jpg]
[files.cdn-files-a.com/uploads/12291293/800_gi-6a6b6a240c88aaf3c.jpg]
[files.cdn-files-a.com/uploads/12291293/800_gi-6a6b6a240c886af3c.jpg]
[files.cdn-files-a.com/uploads/12291293/800_gi-6a6b6a240c882af3c.jpg]
[files.cdn-files-a.com/uploads/12291293/800_6a70fd14243b9.jpg]
[files.cdn-files-a.com/uploads/12291293/800_6a70fd393fa4d.jpg]
[files.cdn-files-a.com/uploads/12291293/800_6a70fd27c495e.jpg]
[cdn-cms-s-8-4.f-static.net/manager/ai_app_builder/v3/assets/js/app7f4a.js]
[cdn-cms-s-8-4.f-static.net/manager/admin/lw_panel/master-admin/internal_white_images/site123/Horizontal_Black262a.png]
[cdn-cms-s-8-4.f-static.net/manager/translation_JS/website_jsTranslations1e64.js]
[cdn-cms-s-8-4.f-static.net/versions/2/system_mini/js/minimize_appBuilder_scripts_v3262a.js]
[6a6b6958e14b7.site123.me/index.html]
[cdn-cms-s-8-4.f-static.net/versions/2/system_mini/css/minimize_appBuilder_v3262a.css]
[cdn-cms-s-8-4.f-static.net/manager/ai_app_builder/v3/assets/minimize_css/index7f4a.css]
[cdnjs.cloudflare.com/ajax/libs/font-awesome/6.7.2/css/all.min.css]
[cdn-cms-s-8-4.f-static.net/manager/ai_app_builder/v3/assets/css/theme7f4a.css]
[cdn-cms-s-8-4.f-static.net/manager/ai_app_builder/v3/assets/css/main7f4a.css]
[cdn-cms-s-8-4.f-static.net/manager/ai_app_builder/v3/assets/css/components7f4a.css]
[cdn-cms-s-8-4.f-static.net/manager/ai_app_builder/v3/assets/css/layout7f4a.css]
[cdn-cms-s-8-4.f-static.net/versions/2/system_mini/js/minimize_appBuilderStatistics_scripts_v3262a.js]
[cdn-cms-s-8-4.f-static.net/versions/2/system_mini/css/minimize_appBuilder_v34d51.css]
[cdn-cms-s-8-4.f-static.net/manager/admin/lw_panel/master-admin/internal_white_images/site123/Horizontal_Black4d51.png]
[cdn-cms-s-8-4.f-static.net/manager/translation_JS/website_jsTranslations9c0a.js]
[cdn-cms-s-8-4.f-static.net/versions/2/system_mini/js/minimize_appBuilder_scripts_v34d51.js]
[6a6b6958e14b7.site123.me/index-2.html]
[cdn-cms-s-8-4.f-static.net/versions/2/system_mini/js/minimize_appBuilderStatistics_scripts_v34d51.js]
[cdn-cms-s-8-4.f-static.net/manager/ai_app_builder/v3/assets/minimize_css/cruzadas7f4a.css]
[files.cdn-files-a.com/uploads/12291293/800_gi-6a70c6c1db477af3c.jpg]
[files.cdn-files-a.com/uploads/12291293/800_6a70f8a702b5f.jpg]
[files.cdn-files-a.com/uploads/12291293/800_gi-6a6b6c35e50f4af3c.jpg]
[files.cdn-files-a.com/uploads/12291293/800_gi-6a6b6c39caa4daf3c.jpg]
[6a6b6958e14b7.site123.me/cruzadas.html]
[cdn-cms-s-8-4.f-static.net/manager/ai_app_builder/v3/assets/minimize_css/libros7f4a.css]
[files.cdn-files-a.com/uploads/12291293/800_gi-6a70c6c1db488af3c.jpg]
[files.cdn-files-a.com/uploads/12291293/800_6a6c01b0e248baf3c.png]
[files.cdn-files-a.com/uploads/12291293/800_6a6c01b05d505af3c.png]
[files.cdn-files-a.com/uploads/12291293/800_6a6c01afdf5feaf3c.png]
[files.cdn-files-a.com/uploads/12291293/800_6a6c01af5f615af3c.png]
[files.cdn-files-a.com/uploads/12291293/800_6a6c01aeb9956af3c.png]
[6a6b6958e14b7.site123.me/libros.html]
[cdn-cms-s-8-4.f-static.net/manager/ai_app_builder/v3/assets/minimize_css/bautizos7f4a.css]
[files.cdn-files-a.com/uploads/12291293/800_gi-6a70c6c1db490af3c.jpg]
[6a6b6958e14b7.site123.me/bautizos.html]
[cdn-cms-s-8-4.f-static.net/versions/2/system_mini/css/minimize_appBuilder_v34d51.css]
[cdn-cms-s-8-4.f-static.net/manager/ai_app_builder/v3/assets/minimize_css/webfonts/cruzadas-solid702a.woff2]
[cdn-cms-s-8-4.f-static.net/manager/ai_app_builder/v3/assets/minimize_css/cruzadas7f4a.css]
[cdn-cms-s-8-4.f-static.net/manager/ai_app_builder/v3/assets/minimize_css/webfonts/cruzadas-brands702a.woff2]
[cdn-cms-s-8-4.f-static.net/manager/ai_app_builder/v3/assets/minimize_css/webfonts/libros-solid702a.woff2]
[cdn-cms-s-8-4.f-static.net/manager/ai_app_builder/v3/assets/minimize_css/libros7f4a.css]
[cdn-cms-s-8-4.f-static.net/manager/ai_app_builder/v3/assets/minimize_css/webfonts/libros-brands702a.woff2]
[cdn-cms-s-8-4.f-static.net/manager/ai_app_builder/v3/assets/minimize_css/webfonts/bautizos-solid702a.woff2]
[cdn-cms-s-8-4.f-static.net/manager/ai_app_builder/v3/assets/minimize_css/bautizos7f4a.css]
[cdn-cms-s-8-4.f-static.net/manager/ai_app_builder/v3/assets/minimize_css/webfonts/bautizos-brands702a.woff2]
